Component: ARM Compiler 5.06 update 5 (build 528) Tool: armlink [4d35e2]

==============================================================================

Section Cross References

    interrupt serial io driver.o(MyCode) refers to start.o(Start) for Startup
    interrupt serial io driver.o(MyCode) refers to interrupt serial io driver.o(MyData) for QBuffer
    interrupt serial io driver.o(MyCode) refers to interrupt serial io driver.o(MyConst) for Prompt
    interrupt serial io driver.o(RESET) refers to start.o(.ARM.__at_0x1FFFE000) for __initial_sp
    interrupt serial io driver.o(RESET) refers to interrupt serial io driver.o(MyCode) for Reset_Handler
    interrupt serial io driver.o(RESET) refers to start.o(Start) for Dummy_Handler
    interrupt serial io driver.o(RESET) refers to hardfault_lcd.o(HardFaultLCD) for HardFault_Handler


==============================================================================

Image Symbol Table

    Local Symbols

    Symbol Name                              Value     Ov Type        Size  Object(Section)

    RESET                                    0x00000000   Section      192  interrupt serial io driver.o(RESET)
    HardFault_LCD.s                          0x00000000   Number         0  hardfault_lcd.o ABSOLUTE
    Interrupt Serial IO Driver.s             0x00000000   Number         0  interrupt serial io driver.o ABSOLUTE
    Start.s                                  0x00000000   Number         0  start.o ABSOLUTE
    .ARM.__at_0xC0                           0x000000c0   Section       64  start.o(.ARM.__at_0xC0)
    HardFaultLCD                             0x00000100   Section      408  hardfault_lcd.o(HardFaultLCD)
    LCD_WF_Config                            0x0000018c   Data           0  hardfault_lcd.o(HardFaultLCD)
    LCD_WF_FRONTPLANE_PINS                   0x00000208   Data           0  hardfault_lcd.o(HardFaultLCD)
    LCD_DIGITS                               0x00000228   Data           0  hardfault_lcd.o(HardFaultLCD)
    Start                                    0x00000298   Section      252  start.o(Start)
    SystemInit                               0x000002a7   Thumb Code    54  start.o(Start)
    SetClock48MHz                            0x000002dd   Thumb Code   140  start.o(Start)
    .ARM.__at_0x400                          0x00000400   Section       16  start.o(.ARM.__at_0x400)
    MyCode                                   0x00000410   Section     1172  interrupt serial io driver.o(MyCode)
    Init_UART0_IRQ                           0x00000531   Thumb Code   148  interrupt serial io driver.o(MyCode)
    UART0_ISR                                0x000005c5   Thumb Code    60  interrupt serial io driver.o(MyCode)
    GetChar                                  0x00000617   Thumb Code    16  interrupt serial io driver.o(MyCode)
    DIVU                                     0x00000627   Thumb Code    44  interrupt serial io driver.o(MyCode)
    PutString                                0x0000068f   Thumb Code    20  interrupt serial io driver.o(MyCode)
    PutNumU                                  0x000006a3   Thumb Code    50  interrupt serial io driver.o(MyCode)
    InitQueue                                0x000006d5   Thumb Code    22  interrupt serial io driver.o(MyCode)
    Enqueue                                  0x000006eb   Thumb Code    70  interrupt serial io driver.o(MyCode)
    Dequeue                                  0x00000731   Thumb Code    66  interrupt serial io driver.o(MyCode)
    PutNumHex                                0x00000773   Thumb Code    44  interrupt serial io driver.o(MyCode)
    PutNumUB                                 0x0000079f   Thumb Code    14  interrupt serial io driver.o(MyCode)
    NewLine                                  0x000007ad   Thumb Code    16  interrupt serial io driver.o(MyCode)
    PrintQueue                               0x000007bd   Thumb Code    56  interrupt serial io driver.o(MyCode)
    MyConst                                  0x000008a4   Section      188  interrupt serial io driver.o(MyConst)
    Prompt                                   0x000008a4   Data          34  interrupt serial io driver.o(MyConst)
    SuccessPrompt                            0x000008c6   Data           9  interrupt serial io driver.o(MyConst)
    FailurePrompt                            0x000008cf   Data           9  interrupt serial io driver.o(MyConst)
    EnQ                                      0x000008d8   Data          26  interrupt serial io driver.o(MyConst)
    In                                       0x000008fb   Data           6  interrupt serial io driver.o(MyConst)
    Out                                      0x00000901   Data          10  interrupt serial io driver.o(MyConst)
    Num                                      0x0000090b   Data           8  interrupt serial io driver.o(MyConst)
    HelpPrompt                               0x00000913   Data          58  interrupt serial io driver.o(MyConst)
    InvalidCommand                           0x0000094d   Data          16  interrupt serial io driver.o(MyConst)
    .ARM.__at_0x1FFFE000                     0x1fffe000   Section      256  start.o(.ARM.__at_0x1FFFE000)
    MyData                                   0x1fffe100   Section      228  interrupt serial io driver.o(MyData)
    TxBuffer                                 0x1fffe100   Data          80  interrupt serial io driver.o(MyData)
    TxRecord                                 0x1fffe150   Data          18  interrupt serial io driver.o(MyData)
    RxBuffer                                 0x1fffe164   Data          80  interrupt serial io driver.o(MyData)
    RxRecord                                 0x1fffe1b4   Data          18  interrupt serial io driver.o(MyData)
    QBuffer                                  0x1fffe1c8   Data           4  interrupt serial io driver.o(MyData)
    QRecord                                  0x1fffe1cc   Data          18  interrupt serial io driver.o(MyData)
    Temp                                     0x1fffe1e0   Data           2  interrupt serial io driver.o(MyData)

    Global Symbols

    Symbol Name                              Value     Ov Type        Size  Object(Section)

    BuildAttributes$$THM_ISAv3M$S$PE$A:L22$X:L11$S22$IEEE1$IW$USESV6$~STKCKD$USESV7$~SHL$OSPACE$EBA8$STANDARDLIB$EABIv2 0x00000000   Number         0  anon$$obj.o ABSOLUTE
    __Vectors                                0x00000000   Data           0  interrupt serial io driver.o(RESET)
    __Vectors_End                            0x000000c0   Data           0  interrupt serial io driver.o(RESET)
    __Vectors_Size                           0x000000c0   Number         0  interrupt serial io driver.o ABSOLUTE
    HardFault_Handler                        0x00000101   Thumb Code    16  hardfault_lcd.o(HardFaultLCD)
    InitLCD                                  0x00000111   Thumb Code   124  hardfault_lcd.o(HardFaultLCD)
    LCD_PutHex                               0x000001cd   Thumb Code    44  hardfault_lcd.o(HardFaultLCD)
    Startup                                  0x00000299   Thumb Code    14  start.o(Start)
    Dummy_Handler                            0x00000369   Thumb Code     2  start.o(Start)
    Reset_Handler                            0x00000411   Thumb Code   288  interrupt serial io driver.o(MyCode)
    PutChar                                  0x00000601   Thumb Code    22  interrupt serial io driver.o(MyCode)
    __initial_sp                             0x1fffe100   Data           0  start.o(.ARM.__at_0x1FFFE000)



==============================================================================

Memory Map of the image

  Image Entry point : 0x00000411

  Load Region LR_1 (Base: 0x00000000, Size: 0x00000b44, Max: 0xffffffff, ABSOLUTE)

    Execution Region ER_RO (Exec base: 0x00000000, Load base: 0x00000000, Size: 0x00000960, Max: 0xffffffff, ABSOLUTE)

    Exec Addr    Load Addr    Size         Type   Attr      Idx    E Section Name        Object

    0x00000000   0x00000000   0x000000c0   Data   RO            2    RESET               interrupt serial io driver.o
    0x000000c0   0x000000c0   0x00000040   Data   RO           11    .ARM.__at_0xC0      start.o
    0x00000100   0x00000100   0x00000198   Code   RO           19    HardFaultLCD        hardfault_lcd.o
    0x00000298   0x00000298   0x000000fc   Code   RO           10    Start               start.o
    0x00000394   0x00000394   0x0000006c   PAD
    0x00000400   0x00000400   0x00000010   Code   RO           12    .ARM.__at_0x400     start.o
    0x00000410   0x00000410   0x00000494   Code   RO            1  * MyCode              interrupt serial io driver.o
    0x000008a4   0x000008a4   0x000000bc   Data   RO            3    MyConst             interrupt serial io driver.o


    Execution Region ER_RW (Exec base: 0x1fffe000, Load base: 0x00000960, Size: 0x000001e4, Max: 0xffffffff, ABSOLUTE)

    Exec Addr    Load Addr    Size         Type   Attr      Idx    E Section Name        Object

    0x1fffe000   0x00000960   0x00000100   Data   RW           13    .ARM.__at_0x1FFFE000  start.o
    0x1fffe100   0x00000a60   0x000000e4   Data   RW            4    MyData              interrupt serial io driver.o


    Execution Region ER_ZI (Exec base: 0x1fffe1e4, Load base: 0x00000b44, Size: 0x00000000, Max: 0xffffffff, ABSOLUTE)

    **** No section assigned to this execution region ****


==============================================================================

Image component sizes


      Code (inc. data)   RO Data    RW Data    ZI Data      Debug   Object Name

       408        224          0          0          0        532   hardfault_lcd.o
      1172        176        380        228          0       1540   interrupt serial io driver.o
       268         58         64        256          0        736   start.o

    ----------------------------------------------------------------------
      1956        566        444        484          0       2808   Object Totals
         0          0          0          0          0          0   (incl. Generated)
       108        108          0          0          0          0   (incl. Padding)

    ----------------------------------------------------------------------
         0          0          0          0          0          0   Library Totals
         0          0          0          0          0          0   (incl. Padding)

    ----------------------------------------------------------------------

==============================================================================


      Code (inc. data)   RO Data    RW Data    ZI Data      Debug   

      1956        566        444        484          0       2600   Grand Totals
      1956        566        444        484          0       2600   ELF Image Totals
      1956        566        444        484          0          0   ROM Totals

==============================================================================

    Total RO  Size (Code + RO Data)                 2400 (   2.34kB)
    Total RW  Size (RW Data + ZI Data)               484 (   0.47kB)
    Total ROM Size (Code + RO Data + RW Data)       2884 (   2.82kB)

==============================================================================

